  Γû▓ Next.js 14.2.35
  - Environments: .env

   Creating an optimized production build ...
 Γ£ô Compiled successfully
   Linting and checking validity of types ...
node.exe : 
At C:\Program 
Files\nodejs\npx.ps1:29 
char:3
+   & $NODE_EXE 
$NPX_CLI_JS $args
+   ~~~~~~~~~~~~~~~~~~~~~~~
~~~~~~
    + CategoryInfo         
     : NotSpecified: (:St  
  ring) [], RemoteExcept   
 ion
    + FullyQualifiedErrorI 
   d : NativeCommandError
 
Failed to compile.

./app/(admin)/admin/orders/
page.tsx
7:3  Error: 'ShoppingBag' 
is defined but never used. 
 @typescript-eslint/no-unus
ed-vars
10:3  Error: 
'CheckCircle2' is defined 
but never used.  @typescrip
t-eslint/no-unused-vars
11:3  Error: 'Clock' is 
defined but never used.  @t
ypescript-eslint/no-unused-
vars
13:3  Error: 
'MoreHorizontal' is 
defined but never used.  @t
ypescript-eslint/no-unused-
vars
18:3  Error: 'Calendar' is 
defined but never used.  @t
ypescript-eslint/no-unused-
vars

./app/(admin)/admin/product
s/new/page.tsx
12:3  Error: 'Check' is 
defined but never used.  @t
ypescript-eslint/no-unused-
vars
15:3  Error: 'Settings2' 
is defined but never used. 
 @typescript-eslint/no-unus
ed-vars
16:3  Error: 'Trash2' is 
defined but never used.  @t
ypescript-eslint/no-unused-
vars
22:3  Error: 'Percent' is 
defined but never used.  @t
ypescript-eslint/no-unused-
vars
24:3  Error: 'ArrowRight' 
is defined but never used. 
 @typescript-eslint/no-unus
ed-vars
99:9  Error: 'stockQty' is 
assigned a value but never 
used.  @typescript-eslint/n
o-unused-vars
138:21  Error: Unexpected 
any. Specify a different 
type.  @typescript-eslint/n
o-explicit-any
181:33  Error: Unexpected 
any. Specify a different 
type.  @typescript-eslint/n
o-explicit-any
252:21  Error: Unexpected 
any. Specify a different 
type.  @typescript-eslint/n
o-explicit-any
260:9  Error: 
'discountValue' is 
assigned a value but never 
used.  @typescript-eslint/n
o-unused-vars
332:23  Warning: Using 
`<img>` could result in 
slower LCP and higher 
bandwidth. Consider using 
`<Image />` from 
`next/image` to 
automatically optimize 
images. This may incur 
additional usage or cost 
from your provider. See: ht
tps://nextjs.org/docs/messa
ges/no-img-element  
@next/next/no-img-element

./app/(admin)/admin/product
s/page.tsx
4:8  Error: 'Image' is 
defined but never used.  @t
ypescript-eslint/no-unused-
vars
6:32  Error: 
'MoreHorizontal' is 
defined but never used.  @t
ypescript-eslint/no-unused-
vars
14:50  Error: Unexpected 
any. Specify a different 
type.  @typescript-eslint/n
o-explicit-any
15:10  Error: 'isLoading' 
is assigned a value but 
never used.  @typescript-es
lint/no-unused-vars
48:21  Error: Unexpected 
any. Specify a different 
type.  @typescript-eslint/n
o-explicit-any
63:65  Error: `'` can be 
escaped with `&apos;`, 
`&lsquo;`, `&#39;`, 
`&rsquo;`.  
react/no-unescaped-entities

./app/(admin)/admin/product
s/[id]/page.tsx
6:18  Error: 
'AnimatePresence' is 
defined but never used.  @t
ypescript-eslint/no-unused-
vars
12:3  Error: 'Check' is 
defined but never used.  @t
ypescript-eslint/no-unused-
vars
15:3  Error: 'Settings2' 
is defined but never used. 
 @typescript-eslint/no-unus
ed-vars
16:3  Error: 'Trash2' is 
defined but never used.  @t
ypescript-eslint/no-unused-
vars
20:3  Error: 'Palette' is 
defined but never used.  @t
ypescript-eslint/no-unused-
vars
21:3  Error: 'Ruler' is 
defined but never used.  @t
ypescript-eslint/no-unused-
vars
22:3  Error: 'FolderPlus' 
is defined but never used. 
 @typescript-eslint/no-unus
ed-vars
28:14  Error: 'slugify' is 
defined but never used.  @t
ypescript-eslint/no-unused-
vars
28:23  Error: 
'formatCurrency' is 
defined but never used.  @t
ypescript-eslint/no-unused-
vars
83:9  Error: 
'productTitle' is assigned 
a value but never used.  @t
ypescript-eslint/no-unused-
vars
84:9  Error: 
'regularPrice' is assigned 
a value but never used.  @t
ypescript-eslint/no-unused-
vars
85:9  Error: 'salePrice' 
is assigned a value but 
never used.  @typescript-es
lint/no-unused-vars
118:60  Error: Unexpected 
any. Specify a different 
type.  @typescript-eslint/n
o-explicit-any
123:68  Error: Unexpected 
any. Specify a different 
type.  @typescript-eslint/n
o-explicit-any
125:53  Error: Unexpected 
any. Specify a different 
type.  @typescript-eslint/n
o-explicit-any
130:21  Error: Unexpected 
any. Specify a different 
type.  @typescript-eslint/n
o-explicit-any
182:33  Error: Unexpected 
any. Specify a different 
type.  @typescript-eslint/n
o-explicit-any
251:21  Error: Unexpected 
any. Specify a different 
type.  @typescript-eslint/n
o-explicit-any
329:21  Warning: Using 
`<img>` could result in 
slower LCP and higher 
bandwidth. Consider using 
`<Image />` from 
`next/image` to 
automatically optimize 
images. This may incur 
additional usage or cost 
from your provider. See: ht
tps://nextjs.org/docs/messa
ges/no-img-element  
@next/next/no-img-element
337:21  Warning: Using 
`<img>` could result in 
slower LCP and higher 
bandwidth. Consider using 
`<Image />` from 
`next/image` to 
automatically optimize 
images. This may incur 
additional usage or cost 
from your provider. See: ht
tps://nextjs.org/docs/messa
ges/no-img-element  
@next/next/no-img-element

./app/(admin)/admin/setting
s/page.tsx
4:10  Error: 'Settings' is 
defined but never used.  @t
ypescript-eslint/no-unused-
vars

./app/(storefront)/checkout
/page.tsx
7:10  Error: 'Check' is 
defined but never used.  @t
ypescript-eslint/no-unused-
vars
7:31  Error: 'Lock' is 
defined but never used.  @t
ypescript-eslint/no-unused-
vars

./app/(storefront)/order-co
nfirmed/page.tsx
6:39  Error: 'Search' is 
defined but never used.  @t
ypescript-eslint/no-unused-
vars
12:10  Error: 'status' is 
assigned a value but never 
used.  @typescript-eslint/n
o-unused-vars
12:18  Error: 'setStatus' 
is assigned a value but 
never used.  @typescript-es
lint/no-unused-vars
53:35  Error: 'idx' is 
defined but never used.  @t
ypescript-eslint/no-unused-
vars

./app/(storefront)/page.tsx
7:22  Error: 'Star' is 
defined but never used.  @t
ypescript-eslint/no-unused-
vars
44:33  Error: Unexpected 
any. Specify a different 
type.  @typescript-eslint/n
o-explicit-any
59:54  Error: Unexpected 
any. Specify a different 
type.  @typescript-eslint/n
o-explicit-any
59:73  Error: Unexpected 
any. Specify a different 
type.  @typescript-eslint/n
o-explicit-any
235:39  Error: Unexpected 
any. Specify a different 
type.  @typescript-eslint/n
o-explicit-any

./components/admin/revenue-
chart.tsx
44:30  Error: Unexpected 
any. Specify a different 
type.  @typescript-eslint/n
o-explicit-any

./lib/hooks/use-cart.tsx
43:14  Error: 'e' is 
defined but never used.  @t
ypescript-eslint/no-unused-
vars

./lib/supabase/server.ts
18:20  Error: 'error' is 
defined but never used.  @t
ypescript-eslint/no-unused-
vars
27:20  Error: 'error' is 
defined but never used.  @t
ypescript-eslint/no-unused-
vars

info  - Need to disable 
some ESLint rules? Learn 
more here: https://nextjs.o
rg/docs/basic-features/esli
nt#disabling-rules
